[2J[7h[0;40;30m[?33h  [36mЬЫЯЯ  ЬЯЫ Ы    ЬЯЫ  ЬЯЯ ЬЯЫЯЯ Ы  ЬЯЯ[37m[5C[36mЫЯЬ  Ы Ы ЫЬ Ы  ЬЯЫ  ЬЯЯЫ ЬЯЫЯЯ Ы Ы
  Ы    Ы  Ы Ы   Ы  Ы Ы[37m[6C[36mЫ   Ы Ы[37m[8C[36mЫ  Ы Ы Ы Ы ЯЫ Ы  Ы ЫЬЬЬ    Ы   Ы Ы
  Ы ЯЫ ЫЯЯЫ Ы   ЫЯЯЫ Ы[37m[6C[36mЫ   Ы Ы[37m[8C[36mЫ  Ы  ЯЫ Ы  Ы ЫЯЯЫ[37m[5C[36mЫ   Ы    ЯЫ
  ЯЫЬЫ Ы  Ы ЫЬЬ Ы  Ы ЯЬЬЫ   Ы   Ы ЯЬЬЫ[37m[5C[36mЫЬЬЫ ЬЬЫ Ы  Ы Ы  Ы ЫЬЬЬЫ   Ы   ЬЬЫ
[1;30mДДДДДДДДДДДДДДДДДДДДДДДДДДДДДДДДДДДДДДДДДДДДДДДДДДДДДДДДДДДДДДДДДДДДДДДДДДДДДДДД[0m [1;32mNation[0m[26C[1;32mBBS[0m[37C[1;32mScore
[30mДДДДДДДДДДДДДДДДДДДДДДДДДДДДДДДДДДДДДДДДДДДДДДДДДДДДДДДДДДДДДДДДДДДДДДДДДДДДДДДД[0m